20:38:10 **** Incremental Build of configuration Debug for project JumpingToSystemBootloader_NUCLEO-L476RG ****
make -j20 all 
arm-none-eabi-gcc "../Core/Src/main.c" -mcpu=cortex-m4 -std=gnu11 -g3 -DDEBUG -DUSE_HAL_DRIVER -DSTM32L476xx -c -I../Core/Inc -I../Drivers/STM32L4xx_HAL_Driver/Inc -I../Drivers/STM32L4xx_HAL_Driver/Inc/Legacy -I../Drivers/CMSIS/Device/ST/STM32L4xx/Include -I../Drivers/CMSIS/Include -O0 -ffunction-sections -fdata-sections -Wall -fstack-usage -MMD -MP -MF"Core/Src/main.d" -MT"Core/Src/main.o" --specs=nano.specs -mfpu=fpv4-sp-d16 -mfloat-abi=hard -mthumb -o "Core/Src/main.o"
arm-none-eabi-gcc -o "JumpingToSystemBootloader_NUCLEO-L476RG.elf" @"objects.list"   -mcpu=cortex-m4 -T"C:\Projects\Embedded\KallevaEmbeddedNotes\Note005_JumpingToSystemBootloader\JumpingToSystemBootloader_NUCLEO-L476RG\STM32L476RGTX_FLASH.ld" --specs=nosys.specs -Wl,-Map="JumpingToSystemBootloader_NUCLEO-L476RG.map" -Wl,--gc-sections -static --specs=nano.specs -mfpu=fpv4-sp-d16 -mfloat-abi=hard -mthumb -Wl,--start-group -lc -lm -Wl,--end-group
Finished building target: JumpingToSystemBootloader_NUCLEO-L476RG.elf
 
arm-none-eabi-size   JumpingToSystemBootloader_NUCLEO-L476RG.elf 
arm-none-eabi-objdump -h -S  JumpingToSystemBootloader_NUCLEO-L476RG.elf  > "JumpingToSystemBootloader_NUCLEO-L476RG.list"
   text	   data	    bss	    dec	    hex	filename
  12764	     20	   1716	  14500	   38a4	JumpingToSystemBootloader_NUCLEO-L476RG.elf
Finished building: default.size.stdout
 
Finished building: JumpingToSystemBootloader_NUCLEO-L476RG.list
 

20:38:11 Build Finished. 0 errors, 0 warnings. (took 712ms)

